Category: 📺央视频道, Name: CCTV-2, Total: 4, Valid: 4, Valid Percent: 100.00%, Whitelist: 0, IPv4: 4, IPv6: 0, Min Delay: 316 ms, Max Speed: 9.26 M/s, Avg Speed: 6.79 M/s, Max Resolution: 1280x720
Category: 📺央视频道, Name: CCTV-3, Total: 3, Valid: 3, Valid Percent: 100.00%, Whitelist: 0, IPv4: 3, IPv6: 0, Min Delay: 45 ms, Max Speed: 79.53 M/s, Avg Speed: 79.53 M/s, Max Resolution: 1920x1080
Category: 📺央视频道, Name: CCTV-4, Total: 8, Valid: 8, Valid Percent: 100.00%, Whitelist: 0, IPv4: 8, IPv6: 0, Min Delay: 45 ms, Max Speed: 79.53 M/s, Avg Speed: 53.40 M/s, Max Resolution: 1920x1080
Category: 📺央视频道, Name: CCTV-5, Total: 17, Valid: 17, Valid Percent: 100.00%, Whitelist: 0, IPv4: 17, IPv6: 0, Min Delay: 45 ms, Max Speed: 79.53 M/s, Avg Speed: 28.27 M/s, Max Resolution: 1920x1080
Category: 📺央视频道, Name: CCTV-5+, Total: 3, Valid: 3, Valid Percent: 100.00%, Whitelist: 0, IPv4: 3, IPv6: 0, Min Delay: 395 ms, Max Speed: 10.14 M/s, Avg Speed: 7.65 M/s, Max Resolution: 1920x1080
Category: 📺央视频道, Name: CCTV-6, Total: 14, Valid: 14, Valid Percent: 100.00%, Whitelist: 0, IPv4: 14, IPv6: 0, Min Delay: 45 ms, Max Speed: 79.53 M/s, Avg Speed: 43.32 M/s, Max Resolution: 1920x1080
Category: 📺央视频道, Name: CCTV-7, Total: 16, Valid: 16, Valid Percent: 100.00%, Whitelist: 0, IPv4: 16, IPv6: 0, Min Delay: 45 ms, Max Speed: 79.53 M/s, Avg Speed: 38.19 M/s, Max Resolution: 1920x1080
Category: 📺央视频道, Name: CCTV-8, Total: 23, Valid: 23, Valid Percent: 100.00%, Whitelist: 0, IPv4: 23, IPv6: 0, Min Delay: 45 ms, Max Speed: 79.53 M/s, Avg Speed: 25.27 M/s, Max Resolution: 1920x1080
Category: 📺央视频道, Name: CCTV-9, Total: 15, Valid: 15, Valid Percent: 100.00%, Whitelist: 0, IPv4: 15, IPv6: 0, Min Delay: 45 ms, Max Speed: 79.53 M/s, Avg Speed: 40.80 M/s, Max Resolution: 1920x1080
Category: 📺央视频道, Name: CCTV-10, Total: 21, Valid: 21, Valid Percent: 100.00%, Whitelist: 0, IPv4: 21, IPv6: 0, Min Delay: 45 ms, Max Speed: 79.53 M/s, Avg Speed: 29.60 M/s, Max Resolution: 1920x1080
Category: 📺央视频道, Name: CCTV-11, Total: 17, Valid: 17, Valid Percent: 100.00%, Whitelist: 0, IPv4: 17, IPv6: 0, Min Delay: 45 ms, Max Speed: 79.53 M/s, Avg Speed: 32.27 M/s, Max Resolution: 1920x1080
Category: 📺央视频道, Name: CCTV-12, Total: 17, Valid: 17, Valid Percent: 100.00%, Whitelist: 0, IPv4: 17, IPv6: 0, Min Delay: 45 ms, Max Speed: 79.53 M/s, Avg Speed: 36.70 M/s, Max Resolution: 1920x1080
Category: 📺央视频道, Name: CCTV-13, Total: 16, Valid: 16, Valid Percent: 100.00%, Whitelist: 0, IPv4: 14, IPv6: 2, Min Delay: 45 ms, Max Speed: 79.53 M/s, Avg Speed: 37.71 M/s, Max Resolution: 1920x1080
Category: 📺央视频道, Name: CCTV-14, Total: 22, Valid: 22, Valid Percent: 100.00%, Whitelist: 0, IPv4: 19, IPv6: 3, Min Delay: 45 ms, Max Speed: 79.53 M/s, Avg Speed: 29.07 M/s, Max Resolution: 1920x1080
Category: 📺央视频道, Name: CCTV-15, Total: 21, Valid: 21, Valid Percent: 100.00%, Whitelist: 0, IPv4: 21, IPv6: 0, Min Delay: 45 ms, Max Speed: 79.53 M/s, Avg Speed: 30.18 M/s, Max Resolution: 1920x1080
Category: 📺央视频道, Name: CCTV-16, Total: 16, Valid: 16, Valid Percent: 100.00%, Whitelist: 0, IPv4: 16, IPv6: 0, Min Delay: 45 ms, Max Speed: 79.53 M/s, Avg Speed: 24.39 M/s, Max Resolution: 1920x1080
Category: 📺央视频道, Name: CCTV-17, Total: 17, Valid: 17, Valid Percent: 100.00%, Whitelist: 0, IPv4: 17, IPv6: 0, Min Delay: 45 ms, Max Speed: 79.53 M/s, Avg Speed: 36.70 M/s, Max Resolution: 1920x1080
Category: 📺央视频道, Name: CCTV-4K, Total: 1, Valid: 1, Valid Percent: 100.00%, Whitelist: 0, IPv4: 1, IPv6: 0, Min Delay: 316 ms, Max Speed: 9.26 M/s, Avg Speed: 9.26 M/s, Max Resolution: 1280x720
Category: 📺央视频道, Name: CCTV-8K, Total: 4, Valid: 4, Valid Percent: 100.00%, Whitelist: 0, IPv4: 4, IPv6: 0, Min Delay: 316 ms, Max Speed: 9.75 M/s, Avg Speed: 7.63 M/s, Max Resolution: 1920x1080
Category: 📡卫视频道, Name: 北京卫视, Total: 13, Valid: 13, Valid Percent: 100.00%, Whitelist: 0, IPv4: 13, IPv6: 0, Min Delay: 45 ms, Max Speed: 79.53 M/s, Avg Speed: 40.66 M/s, Max Resolution: 1920x1080
Category: 📡卫视频道, Name: 天津卫视, Total: 11, Valid: 11, Valid Percent: 100.00%, Whitelist: 0, IPv4: 11, IPv6: 0, Min Delay: 45 ms, Max Speed: 79.53 M/s, Avg Speed: 46.78 M/s, Max Resolution: 1920x1080
Category: 📡卫视频道, Name: 上海东方卫视, Total: 2, Valid: 2, Valid Percent: 100.00%, Whitelist: 0, IPv4: 2, IPv6: 0, Min Delay: 12708 ms, Max Speed: 0.87 M/s, Avg Speed: 0.87 M/s, Max Resolution: 1920x1080
Category: 📡卫视频道, Name: 重庆卫视, Total: 13, Valid: 13, Valid Percent: 100.00%, Whitelist: 0, IPv4: 13, IPv6: 0, Min Delay: 45 ms, Max Speed: 79.53 M/s, Avg Speed: 45.96 M/s, Max Resolution: 1920x1080
Category: 📡卫视频道, Name: 黑龙江卫视, Total: 12, Valid: 12, Valid Percent: 100.00%, Whitelist: 0, IPv4: 12, IPv6: 0, Min Delay: 45 ms, Max Speed: 79.53 M/s, Avg Speed: 49.40 M/s, Max Resolution: 1920x1080
Category: 📡卫视频道, Name: 辽宁卫视, Total: 15, Valid: 15, Valid Percent: 100.00%, Whitelist: 0, IPv4: 15, IPv6: 0, Min Delay: 45 ms, Max Speed: 79.53 M/s, Avg Speed: 39.96 M/s, Max Resolution: 1920x1080
Category: 📡卫视频道, Name: 吉林卫视, Total: 11, Valid: 11, Valid Percent: 100.00%, Whitelist: 0, IPv4: 11, IPv6: 0, Min Delay: 45 ms, Max Speed: 79.53 M/s, Avg Speed: 46.66 M/s, Max Resolution: 1920x1080
Category: 📡卫视频道, Name: 河北卫视, Total: 16, Valid: 16, Valid Percent: 100.00%, Whitelist: 0, IPv4: 16, IPv6: 0, Min Delay: 8 ms, Max Speed: 79.53 M/s, Avg Speed: 44.17 M/s, Max Resolution: 1920x1080
Category: 📡卫视频道, Name: 山西卫视, Total: 9, Valid: 9, Valid Percent: 100.00%, Whitelist: 0, IPv4: 9, IPv6: 0, Min Delay: 8 ms, Max Speed: 79.53 M/s, Avg Speed: 40.30 M/s, Max Resolution: 1920x1080
Category: 📡卫视频道, Name: 内蒙古卫视, Total: 13, Valid: 13, Valid Percent: 100.00%, Whitelist: 0, IPv4: 13, IPv6: 0, Min Delay: 8 ms, Max Speed: 79.53 M/s, Avg Speed: 34.54 M/s, Max Resolution: 1920x1080
Category: 📡卫视频道, Name: 山东卫视, Total: 13, Valid: 13, Valid Percent: 100.00%, Whitelist: 0, IPv4: 13, IPv6: 0, Min Delay: 45 ms, Max Speed: 79.53 M/s, Avg Speed: 40.47 M/s, Max Resolution: 1920x1080
Category: 📡卫视频道, Name: 河南卫视, Total: 18, Valid: 18, Valid Percent: 100.00%, Whitelist: 0, IPv4: 18, IPv6: 0, Min Delay: 45 ms, Max Speed: 79.53 M/s, Avg Speed: 42.81 M/s, Max Resolution: 1920x1080
Category: 📡卫视频道, Name: 安徽卫视, Total: 15, Valid: 15, Valid Percent: 100.00%, Whitelist: 0, IPv4: 15, IPv6: 0, Min Delay: 45 ms, Max Speed: 79.53 M/s, Avg Speed: 40.69 M/s, Max Resolution: 1920x1080
Category: 📡卫视频道, Name: 江苏卫视, Total: 15, Valid: 15, Valid Percent: 100.00%, Whitelist: 0, IPv4: 15, IPv6: 0, Min Delay: 45 ms, Max Speed: 79.53 M/s, Avg Speed: 40.85 M/s, Max Resolution: 1920x1080
Category: 📡卫视频道, Name: 浙江卫视, Total: 17, Valid: 17, Valid Percent: 100.00%, Whitelist: 0, IPv4: 17, IPv6: 0, Min Delay: 45 ms, Max Speed: 79.53 M/s, Avg Speed: 36.34 M/s, Max Resolution: 1920x1080
Category: 📡卫视频道, Name: 福建东南卫视, Total: 1, Valid: 1, Valid Percent: 100.00%, Whitelist: 0, IPv4: 1, IPv6: 0, Min Delay: 12708 ms, Max Speed: 0.87 M/s, Avg Speed: 0.87 M/s, Max Resolution: 1920x1080
Category: 📡卫视频道, Name: 江西卫视, Total: 14, Valid: 14, Valid Percent: 100.00%, Whitelist: 0, IPv4: 14, IPv6: 0, Min Delay: 8 ms, Max Speed: 79.53 M/s, Avg Speed: 43.35 M/s, Max Resolution: 1920x1080
Category: 📡卫视频道, Name: 湖南卫视, Total: 22, Valid: 22, Valid Percent: 100.00%, Whitelist: 0, IPv4: 22, IPv6: 0, Min Delay: 8 ms, Max Speed: 79.53 M/s, Avg Speed: 33.36 M/s, Max Resolution: 1920x1080
Category: 📡卫视频道, Name: 湖北卫视, Total: 14, Valid: 14, Valid Percent: 100.00%, Whitelist: 0, IPv4: 14, IPv6: 0, Min Delay: 8 ms, Max Speed: 79.53 M/s, Avg Speed: 43.62 M/s, Max Resolution: 1920x1080
Category: 📡卫视频道, Name: 广东卫视, Total: 14, Valid: 14, Valid Percent: 100.00%, Whitelist: 0, IPv4: 14, IPv6: 0, Min Delay: 45 ms, Max Speed: 79.53 M/s, Avg Speed: 43.43 M/s, Max Resolution: 1920x1080
Category: 📡卫视频道, Name: 深圳卫视, Total: 14, Valid: 14, Valid Percent: 100.00%, Whitelist: 0, IPv4: 14, IPv6: 0, Min Delay: 45 ms, Max Speed: 79.53 M/s, Avg Speed: 43.58 M/s, Max Resolution: 1920x1080
Category: 📡卫视频道, Name: 广西卫视, Total: 14, Valid: 14, Valid Percent: 100.00%, Whitelist: 0, IPv4: 14, IPv6: 0, Min Delay: 45 ms, Max Speed: 79.53 M/s, Avg Speed: 53.29 M/s, Max Resolution: 1920x1080
Category: 📡卫视频道, Name: 云南卫视, Total: 14, Valid: 14, Valid Percent: 100.00%, Whitelist: 0, IPv4: 14, IPv6: 0, Min Delay: 45 ms, Max Speed: 79.53 M/s, Avg Speed: 53.71 M/s, Max Resolution: 1920x1080
Category: 📡卫视频道, Name: 贵州卫视, Total: 15, Valid: 15, Valid Percent: 100.00%, Whitelist: 0, IPv4: 15, IPv6: 0, Min Delay: 45 ms, Max Speed: 79.53 M/s, Avg Speed: 55.43 M/s, Max Resolution: 1920x1080
Category: 📡卫视频道, Name: 四川卫视, Total: 17, Valid: 17, Valid Percent: 100.00%, Whitelist: 0, IPv4: 17, IPv6: 0, Min Delay: 8 ms, Max Speed: 79.53 M/s, Avg Speed: 49.74 M/s, Max Resolution: 1920x1080
Category: 📡卫视频道, Name: 西藏卫视, Total: 9, Valid: 9, Valid Percent: 100.00%, Whitelist: 0, IPv4: 9, IPv6: 0, Min Delay: 8 ms, Max Speed: 79.53 M/s, Avg Speed: 48.37 M/s, Max Resolution: 1920x1080
Category: 📡卫视频道, Name: 新疆卫视, Total: 13, Valid: 13, Valid Percent: 100.00%, Whitelist: 0, IPv4: 13, IPv6: 0, Min Delay: 8 ms, Max Speed: 79.53 M/s, Avg Speed: 34.43 M/s, Max Resolution: 1920x1080
Category: 📡卫视频道, Name: 甘肃卫视, Total: 10, Valid: 10, Valid Percent: 100.00%, Whitelist: 0, IPv4: 10, IPv6: 0, Min Delay: 45 ms, Max Speed: 79.53 M/s, Avg Speed: 57.29 M/s, Max Resolution: 1920x1080
Category: 📡卫视频道, Name: 宁夏卫视, Total: 11, Valid: 11, Valid Percent: 100.00%, Whitelist: 0, IPv4: 11, IPv6: 0, Min Delay: 45 ms, Max Speed: 79.53 M/s, Avg Speed: 46.66 M/s, Max Resolution: 1920x1080
Category: 📡卫视频道, Name: 青海卫视, Total: 16, Valid: 16, Valid Percent: 100.00%, Whitelist: 0, IPv4: 16, IPv6: 0, Min Delay: 8 ms, Max Speed: 79.53 M/s, Avg Speed: 42.89 M/s, Max Resolution: 1920x1080
Category: 📡卫视频道, Name: 陕西卫视, Total: 10, Valid: 10, Valid Percent: 100.00%, Whitelist: 0, IPv4: 10, IPv6: 0, Min Delay: 8 ms, Max Speed: 79.53 M/s, Avg Speed: 29.25 M/s, Max Resolution: 1920x1080
Category: 📡卫视频道, Name: 海南卫视, Total: 12, Valid: 12, Valid Percent: 100.00%, Whitelist: 0, IPv4: 12, IPv6: 0, Min Delay: 8 ms, Max Speed: 79.53 M/s, Avg Speed: 48.27 M/s, Max Resolution: 1920x1080
Category: 📡卫视频道, Name: 三沙卫视, Total: 10, Valid: 10, Valid Percent: 100.00%, Whitelist: 0, IPv4: 10, IPv6: 0, Min Delay: 45 ms, Max Speed: 79.53 M/s, Avg Speed: 50.65 M/s, Max Resolution: 1920x1080
Category: 📡卫视频道, Name: 大湾区卫视, Total: 3, Valid: 3, Valid Percent: 100.00%, Whitelist: 0, IPv4: 3, IPv6: 0, Min Delay: 395 ms, Max Speed: 10.14 M/s, Avg Speed: 8.20 M/s, Max Resolution: 1920x1080
Category: 📡卫视频道, Name: 海峡卫视, Total: 13, Valid: 13, Valid Percent: 100.00%, Whitelist: 0, IPv4: 6, IPv6: 7, Min Delay: 45 ms, Max Speed: 79.53 M/s, Avg Speed: 26.61 M/s, Max Resolution: 1920x1080
Category: 📡卫视频道, Name: 兵团卫视, Total: 12, Valid: 12, Valid Percent: 100.00%, Whitelist: 0, IPv4: 12, IPv6: 0, Min Delay: 45 ms, Max Speed: 79.53 M/s, Avg Speed: 42.85 M/s, Max Resolution: 1920x1080
Category: 📺地方频道, Name: 北京卡酷少儿, Total: 3, Valid: 3, Valid Percent: 100.00%, Whitelist: 0, IPv4: 3, IPv6: 0, Min Delay: 387 ms, Max Speed: 4.70 M/s, Avg Speed: 1.81 M/s, Max Resolution: 1280x720
Category: 📺地方频道, Name: 北京青年, Total: 2, Valid: 2, Valid Percent: 100.00%, Whitelist: 0, IPv4: 2, IPv6: 0, Min Delay: 224 ms, Max Speed: 0.29 M/s, Avg Speed: 0.29 M/s, Max Resolution: 19x24
Category: 📺地方频道, Name: 广东珠江, Total: 5, Valid: 5, Valid Percent: 100.00%, Whitelist: 0, IPv4: 5, IPv6: 0, Min Delay: 395 ms, Max Speed: 9.75 M/s, Avg Speed: 5.55 M/s, Max Resolution: 1920x1080
Category: 📺地方频道, Name: 广东公共, Total: 2, Valid: 2, Valid Percent: 100.00%, Whitelist: 0, IPv4: 2, IPv6: 0, Min Delay: 12812 ms, Max Speed: 0.14 M/s, Avg Speed: 0.14 M/s, Max Resolution: 720x576
Category: 📺地方频道, Name: 广东体育, Total: 4, Valid: 4, Valid Percent: 100.00%, Whitelist: 0, IPv4: 3, IPv6: 1, Min Delay: 395 ms, Max Speed: 9.75 M/s, Avg Speed: 5.54 M/s, Max Resolution: 1920x1080
Category: 📺地方频道, Name: 广东影视, Total: 1, Valid: 1, Valid Percent: 100.00%, Whitelist: 0, IPv4: 1, IPv6: 0, Min Delay: 427 ms, Max Speed: 4.32 M/s, Avg Speed: 4.32 M/s, Max Resolution: 1280x720
Category: 📺地方频道, Name: 广东新闻, Total: 3, Valid: 3, Valid Percent: 100.00%, Whitelist: 0, IPv4: 3, IPv6: 0, Min Delay: 395 ms, Max Speed: 4.70 M/s, Avg Speed: 4.44 M/s, Max Resolution: 1280x720
Category: 📺地方频道, Name: 广州综合, Total: 6, Valid: 6, Valid Percent: 100.00%, Whitelist: 0, IPv4: 6, IPv6: 0, Min Delay: 1790 ms, Max Speed: 0.31 M/s, Avg Speed: 0.30 M/s, Max Resolution: 1280x720
Category: 📺地方频道, Name: 深圳都市, Total: 1, Valid: 1, Valid Percent: 100.00%, Whitelist: 0, IPv4: 1, IPv6: 0, Min Delay: 12812 ms, Max Speed: 0.14 M/s, Avg Speed: 0.14 M/s, Max Resolution: 720x576
Category: 📺地方频道, Name: 深圳电视剧, Total: 1, Valid: 1, Valid Percent: 100.00%, Whitelist: 0, IPv4: 1, IPv6: 0, Min Delay: 12812 ms, Max Speed: 0.14 M/s, Avg Speed: 0.14 M/s, Max Resolution: 720x576
Category: 📺地方频道, Name: 浙江民生休闲, Total: 5, Valid: 5, Valid Percent: 100.00%, Whitelist: 0, IPv4: 5, IPv6: 0, Min Delay: 2348 ms, Max Speed: 0.85 M/s, Avg Speed: 0.83 M/s, Max Resolution: 1920x1080
Category: 📺地方频道, Name: 浙江经济生活, Total: 4, Valid: 4, Valid Percent: 100.00%, Whitelist: 0, IPv4: 4, IPv6: 0, Min Delay: 2348 ms, Max Speed: 0.85 M/s, Avg Speed: 0.84 M/s, Max Resolution: 1920x1080
Category: 📺地方频道, Name: 青岛新闻综合, Total: 1, Valid: 1, Valid Percent: 100.00%, Whitelist: 0, IPv4: 1, IPv6: 0, Min Delay: 395 ms, Max Speed: 4.70 M/s, Avg Speed: 4.70 M/s, Max Resolution: 1280x720
Category: 📺地方频道, Name: 湖北综合, Total: 1, Valid: 1, Valid Percent: 100.00%, Whitelist: 0, IPv4: 1, IPv6: 0, Min Delay: 395 ms, Max Speed: 4.70 M/s, Avg Speed: 4.70 M/s, Max Resolution: 1280x720
Category: 📺地方频道, Name: 重庆新闻, Total: 1, Valid: 1, Valid Percent: 100.00%, Whitelist: 0, IPv4: 1, IPv6: 0, Min Delay: 395 ms, Max Speed: 4.70 M/s, Avg Speed: 4.70 M/s, Max Resolution: 1280x720
Category: 📺地方频道, Name: 沈阳新闻综合, Total: 1, Valid: 1, Valid Percent: 100.00%, Whitelist: 0, IPv4: 1, IPv6: 0, Min Delay: 12708 ms, Max Speed: 0.87 M/s, Avg Speed: 0.87 M/s, Max Resolution: 1920x1080
Category: 📺地方频道, Name: 厦门卫视, Total: 4, Valid: 4, Valid Percent: 100.00%, Whitelist: 0, IPv4: 4, IPv6: 0, Min Delay: 395 ms, Max Speed: 10.14 M/s, Avg Speed: 7.85 M/s, Max Resolution: 1920x1080
Category: 📺地方频道, Name: 福建综合, Total: 1, Valid: 1, Valid Percent: 100.00%, Whitelist: 0, IPv4: 1, IPv6: 0, Min Delay: 45 ms, Max Speed: 79.53 M/s, Avg Speed: 79.53 M/s, Max Resolution: 1920x1080
Category: 📺地方频道, Name: 广西都市, Total: 4, Valid: 4, Valid Percent: 100.00%, Whitelist: 0, IPv4: 4, IPv6: 0, Min Delay: 395 ms, Max Speed: 10.09 M/s, Avg Speed: 8.66 M/s, Max Resolution: 1920x1080
Category: 📺港澳台频道, Name: 台视, Total: 5, Valid: 5, Valid Percent: 100.00%, Whitelist: 0, IPv4: 5, IPv6: 0, Min Delay: 398 ms, Max Speed: 4.32 M/s, Avg Speed: 2.83 M/s, Max Resolution: 1920x1080
Category: 📺港澳台频道, Name: 中视, Total: 1, Valid: 1, Valid Percent: 100.00%, Whitelist: 0, IPv4: 1, IPv6: 0, Min Delay: 398 ms, Max Speed: 4.29 M/s, Avg Speed: 4.29 M/s, Max Resolution: 1280x720
Category: 📺港澳台频道, Name: 华视, Total: 5, Valid: 5, Valid Percent: 100.00%, Whitelist: 0, IPv4: 4, IPv6: 1, Min Delay: 297 ms, Max Speed: 4.94 M/s, Avg Speed: 3.02 M/s, Max Resolution: 1280x720
Category: 📺港澳台频道, Name: 民视, Total: 3, Valid: 3, Valid Percent: 100.00%, Whitelist: 0, IPv4: 3, IPv6: 0, Min Delay: 398 ms, Max Speed: 4.29 M/s, Avg Speed: 3.21 M/s, Max Resolution: 1920x1080
Category: 📺港澳台频道, Name: 公视, Total: 5, Valid: 5, Valid Percent: 100.00%, Whitelist: 0, IPv4: 5, IPv6: 0, Min Delay: 398 ms, Max Speed: 4.29 M/s, Avg Speed: 1.47 M/s, Max Resolution: 1280x720
Category: 📺港澳台频道, Name: TVBS, Total: 5, Valid: 5, Valid Percent: 100.00%, Whitelist: 0, IPv4: 4, IPv6: 1, Min Delay: 297 ms, Max Speed: 4.94 M/s, Avg Speed: 1.60 M/s, Max Resolution: 1280x720
Category: 📺港澳台频道, Name: TVBS新闻台, Total: 2, Valid: 2, Valid Percent: 100.00%, Whitelist: 0, IPv4: 2, IPv6: 0, Min Delay: 7350 ms, Max Speed: 0.28 M/s, Avg Speed: 0.28 M/s, Max Resolution: 1280x720
